// Vitest Snapshot v1

exports[`Landing Dashboard > snapshot 1`] = `
{
  "foo": "bar",
}
`;
